node.exe : file:///F:/product/workflow%203.0/node_modules/vitest/dist/chunks/cac.D3xHeqeL.js:406
At line:1 char:1
+ & "C:\Users\Saura\Untitled Folder/node.exe" "C:\Users\Saura\AppData\R ...
+ ~~~~~~~~~~~~~~~~~~~~~~~~~~~~~~~~~~~~~~~~~~~~~~~~~~~~~~~~~~~~~~~~~~~~~
    + CategoryInfo          : NotSpecified: (file:///F:/prod...D3xHeqeL.js:406:String) [], RemoteException
    + FullyQualifiedErrorId : NativeCommandError
 
          throw new CACError(`Unknown option \`${name.length > 1 ? `--${name}` : `-${name}`}\``);
                ^

CACError: Unknown option `--poolOptions`
    at Command.checkUnknownOptions 
(file:///F:/product/workflow%203.0/node_modules/vitest/dist/chunks/cac.D3xHeqeL.js:406:17)
    at CAC.runMatchedCommand (file:///F:/product/workflow%203.0/node_modules/vitest/dist/chunks/cac.D3xHeqeL.js:606:13)
    at CAC.parse (file:///F:/product/workflow%203.0/node_modules/vitest/dist/chunks/cac.D3xHeqeL.js:547:12)
    at file:///F:/product/workflow%203.0/node_modules/vitest/dist/cli.js:11:13
    at ModuleJob.run (node:internal/modules/esm/module_job:439:25)
    at async node:internal/modules/esm/loader:633:26
    at async asyncRunEntryPointWithESMLoader (node:internal/modules/run_main:101:5)

Node.js v24.16.0
